Removed Pin From Net: NetName=GNDD Pin=C15-2
Removed Pin From Net: NetName=GNDD Pin=C16-2
Removed Pin From Net: NetName=GNDD Pin=C17-1
Removed Pin From Net: NetName=OSC_IN Pin=C17-2
Removed Pin From Net: NetName=GNDD Pin=C18-1
Removed Pin From Net: NetName=OSC_OUT Pin=C18-2
Removed Pin From Net: NetName=NetCN1_2 Pin=D1-1
Removed Member From Class: ClassName=Sheet1 Member=C1
Removed Member From Class: ClassName=Sheet1 Member=C12
Removed Member From Class: ClassName=Sheet1 Member=C13
Removed Member From Class: ClassName=Sheet1 Member=C14
Removed Member From Class: ClassName=Sheet1 Member=C15
Removed Member From Class: ClassName=Sheet1 Member=C16
Removed Member From Class: ClassName=Sheet1 Member=C17
Removed Member From Class: ClassName=Sheet1 Member=C18
Removed Member From Class: ClassName=Sheet1 Member=CN4
Removed Member From Class: ClassName=Sheet1 Member=ICSP
Removed Member From Class: ClassName=Sheet1 Member=R1
Removed Member From Class: ClassName=Sheet1 Member=R6
Removed Member From Class: ClassName=Sheet1 Member=R7
Removed Member From Class: ClassName=Sheet1 Member=U1
Removed Member From Class: ClassName=Sheet1 Member=U6
Removed Member From Class: ClassName=Sheet1 Member=X1
Change Component Comment : Designator=C17 Old Comment=12pF/50V New Comment=100nF/100V
Change Component Comment : Designator=C18 Old Comment=12pF/50V New Comment=100nF/100V
Change Component Comment : Designator=C15 Old Comment=100nF/100V New Comment=12pF/50V
Change Component Comment : Designator=C16 Old Comment=100nF/100V New Comment=12pF/50V
Change component parameters: Designator = "C15" ("C15"); Footprint = "0603C-GENERIC"; UniqueID = "\TONKWTDS" ("\TONKWTDS")
Change component parameters (AddParameter): Name = "PackageReference"; Value = ""; VariantName = "[No Variations]"
Change component parameters (AddParameter): Name = "Part Number"; Value = ""; VariantName = "[No Variations]"
Change component parameters (AddParameter): Name = "Pin Count"; Value = "2"; VariantName = "[No Variations]"
Change component parameters (AddParameter): Name = "Protheus"; Value = "E3CSC012P0002"; VariantName = "[No Variations]"
Change component parameters: Designator = "C16" ("C16"); Footprint = "0603C-GENERIC"; UniqueID = "\WUDBMCRW" ("\WUDBMCRW")
Change component parameters (AddParameter): Name = "PackageReference"; Value = ""; VariantName = "[No Variations]"
Change component parameters (AddParameter): Name = "Part Number"; Value = ""; VariantName = "[No Variations]"
Change component parameters (AddParameter): Name = "Pin Count"; Value = "2"; VariantName = "[No Variations]"
Change component parameters (AddParameter): Name = "Protheus"; Value = "E3CSC012P0002"; VariantName = "[No Variations]"
Change component parameters: Designator = "C17" ("C17"); Footprint = "0603C-GENERIC"; UniqueID = "\TRBRHPXM" ("\TRBRHPXM")
Change component parameters (AddParameter): Name = "Protheus"; Value = "E3CSC100N0002"; VariantName = "[No Variations]"
Change component parameters: Designator = "C18" ("C18"); Footprint = "0603C-GENERIC"; UniqueID = "\JXYKMKYX" ("\JXYKMKYX")
Change component parameters (AddParameter): Name = "Protheus"; Value = "E3CSC100N0002"; VariantName = "[No Variations]"
Added Component: Designator=PTC(PTC LVR)
Add component (AddParameter): Name = "Protheus"; Value = "E2DIVE0000059"; VariantName = "[No Variations]"
Added Component: Designator=VDR(VDR D12H14.5-7.5)
Add component (AddParameter): Name = "Protheus"; Value = "E2VARI0000001"; VariantName = "[No Variations]"
Added Pin To Net: NetName=GNDD Pin=C15-1
Added Pin To Net: NetName=OSC_IN Pin=C15-2
Added Pin To Net: NetName=GNDD Pin=C16-1
Added Pin To Net: NetName=OSC_OUT Pin=C16-2
Added Pin To Net: NetName=GNDD Pin=C17-2
Added Pin To Net: NetName=GNDD Pin=C18-2
Added Pin To Net: NetName=NetCN1_2 Pin=PTC-1
Added Pin To Net: NetName=GNDP Pin=VDR-1
Added Pin To Net: NetName=NetC17_1 Pin=C17-1
Added Pin To Net: NetName=NetC17_1 Pin=U6-2
Added Net: Name=NetC17_1
Added Pin To Net: NetName=NetC18_1 Pin=C18-1
Added Pin To Net: NetName=NetC18_1 Pin=U6-6
Added Net: Name=NetC18_1
Added Pin To Net: NetName=NetD1_1 Pin=D1-1
Added Pin To Net: NetName=NetD1_1 Pin=PTC-2
Added Pin To Net: NetName=NetD1_1 Pin=VDR-2
Added Net: Name=NetD1_1
Added Class: Name=Sheet2
Added Member To Class: ClassName=Sheet1 Member=Component PTC 0ZRN0100FF1E
Added Member To Class: ClassName=Sheet1 Member=Component VDR S10K30
